
> @workspace/api-server@0.0.0 dev /Users/sta/Documents/rathinam-crackers/artifacts/api-server
> export NODE_ENV=development E2E_TEST_HOOKS=1 && pnpm run build && pnpm run start


> @workspace/api-server@0.0.0 build /Users/sta/Documents/rathinam-crackers/artifacts/api-server
> node ./build.mjs


  dist/index.mjs                       3.4mb ⚠️
  dist/pino-worker.mjs               153.4kb
  dist/pino-file.mjs                 142.1kb
  dist/pino-pretty.mjs               114.6kb
  dist/thread-stream-worker.mjs        7.3kb
  dist/index.mjs.map                   5.8mb
  dist/pino-worker.mjs.map           256.9kb
  dist/pino-file.mjs.map             229.1kb
  dist/pino-pretty.mjs.map           203.9kb
  dist/thread-stream-worker.mjs.map   12.0kb

⚡ Done in 641ms

> @workspace/api-server@0.0.0 start /Users/sta/Documents/rathinam-crackers/artifacts/api-server
> DOTENV_CONFIG_PATH=../../.env node -r dotenv/config --enable-source-maps ./dist/index.mjs

/Users/sta/Documents/rathinam-crackers/node_modules/.pnpm/@smithy+core@3.24.4/node_modules/@smithy/core/dist-cjs/submodules/config/index.js:514
        throw new Error("Region is missing");
              ^

Error: Region is missing
    at Object.resolveRegionConfig (/Users/sta/Documents/rathinam-crackers/node_modules/.pnpm/@smithy+core@3.24.4/node_modules/@smithy/core/dist-cjs/submodules/config/index.js:514:15)
    at new S3Client (/Users/sta/Documents/rathinam-crackers/node_modules/.pnpm/@aws-sdk+client-s3@3.1053.0/node_modules/@aws-sdk/client-s3/dist-cjs/index.js:122:34)
    at <anonymous> (/Users/sta/Documents/rathinam-crackers/artifacts/api-server/src/lib/s3.ts:5:16)
    at ModuleJob.run (node:internal/modules/esm/module_job:325:25)
    at async ModuleLoader.import (node:internal/modules/esm/loader:606:24)
    at async asyncRunEntryPointWithESMLoader (node:internal/modules/run_main:117:5)

Node.js v20.19.5
 ELIFECYCLE  Command failed with exit code 1.
 ELIFECYCLE  Command failed with exit code 1.
